\BOOKMARK [1][-]{figure.caption.1}{\376\377\0001\000\040\000\332\000v\000o\000d}{}% 1
\BOOKMARK [1][-]{figure.caption.1}{\376\377\0002\000\040\000B\000u\000s\000i\000n\000e\000s\000s\000\040\000o\000t\000\341\000z\000k\000y}{}% 2
\BOOKMARK [2][-]{section*.2}{\376\377\000B\000Q\0001\000:\000\040\000V\000l\000i\000v\000\040\000d\000n\000e\000\040\000v\000\040\000t\000\375\000d\000n\000u\000\040\000n\000a\000\040\000s\000p\000o\000l\000e\000h\000l\000i\000v\000o\000s\000t}{figure.caption.1}% 3
\BOOKMARK [2][-]{section*.2}{\376\377\000B\000Q\0002\000:\000\040\000V\000z\000t\000a\000h\000\040\000v\000z\000d\000\341\000l\000e\000n\000o\000s\000t\000i\000\040\000a\000\040\000z\000p\000o\001\176\000d\001\033\000n\000\355}{figure.caption.1}% 4
\BOOKMARK [2][-]{section*.2}{\376\377\000B\000Q\0003\000:\000\040\000S\000c\000h\000o\000p\000n\000o\000s\000t\000\040\000d\000o\000p\000r\000a\000v\000c\001\157\000\040\000k\000o\000m\000p\000e\000n\000z\000o\000v\000a\000t\000\040\000z\000p\000o\001\176\000d\001\033\000n\000\355}{figure.caption.1}% 5
\BOOKMARK [2][-]{section*.2}{\376\377\000B\000Q\0004\000:\000\040\000S\000t\000a\000b\000i\000l\000i\000t\000a\000\040\000a\000\040\000v\000o\000l\000a\000t\000i\000l\000i\000t\000a\000\040\000v\000\375\000k\000o\000n\000u\000\040\000v\000\040\001\015\000a\000s\000e}{figure.caption.1}% 6
\BOOKMARK [1][-]{section*.2}{\376\377\0003\000\040\000P\000r\000\341\000c\000e\000\040\000s\000\040\000m\000e\000t\000a\000d\000a\000t\000y}{}% 7
\BOOKMARK [2][-]{section*.3}{\376\377\000a\000\051\000\040\000V\000\375\000b\001\033\000r\000\040\000a\000t\000r\000i\000b\000u\000t\001\157}{section*.2}% 8
\BOOKMARK [2][-]{section*.3}{\376\377\000b\000\051\000\040\000V\000y\000s\000v\001\033\000t\000l\000e\000n\000\355\000\040\000v\000\375\000z\000n\000a\000m\000u\000\040\000k\000l\000\355\001\015\000o\000v\000\375\000c\000h\000\040\000a\000t\000r\000i\000b\000u\000t\001\157}{section*.2}% 9
\BOOKMARK [2][-]{section*.3}{\376\377\000c\000\051\000\040\000O\000m\000e\000z\000e\000n\000\355\000\040\000a\000\040\000s\000p\000e\000c\000i\000f\000i\000k\000a\000\040\000d\000a\000t\000\040\000\050\000a\000\040\000j\000e\000j\000i\000c\000h\000\040\000o\001\141\000e\000t\001\131\000e\000n\000\355\000\051}{section*.2}% 10
\BOOKMARK [1][-]{section*.3}{\376\377\0004\000\040\000D\000a\000t\000a\000\040\000a\000u\000d\000i\000t\000\040\000a\000\040\000i\000n\000t\000e\000g\000r\000a\000c\000e}{}% 11
\BOOKMARK [2][-]{section*.4}{\376\377\000P\000o\000p\000i\000s\000\040\000E\000T\000L\000\040\000l\000o\000g\000i\000k\000y}{section*.3}% 12
\BOOKMARK [2][-]{Item.3}{\376\377\000D\000a\000t\000a\000\040\000Q\000u\000a\000l\000i\000t\000y\000\040\000\046\000\040\000C\000l\000e\000a\000n\000i\000n\000g\000\040\000D\000e\000c\000i\000s\000i\000o\000n\000s}{section*.3}% 13
\BOOKMARK [1][-]{table.1}{\376\377\0005\000\040\000I\000n\000t\000e\000r\000p\000r\000e\000t\000a\000c\000e\000\040\000a\000\040\000d\000o\000p\000o\000r\000u\001\015\000e\000n\000\355}{}% 14
\BOOKMARK [2][-]{section*.5}{\376\377\000H\000l\000a\000v\000n\000\355\000\040\000z\000j\000i\001\141\000t\001\033\000n\000\355}{table.1}% 15
\BOOKMARK [3][-]{section*.5}{\376\377\000Z\000j\000i\001\141\000t\001\033\000n\000\355\000\040\0001\000\040\000\050\000B\000Q\0001\000\051\000:\000\040\000P\000\341\000t\000e\000k\000\040\000j\000e\000\040\000s\000y\000s\000t\000e\000m\000a\000t\000i\000c\000k\000y\000\040\000n\000e\000j\000p\000r\000o\000b\000l\000e\000m\000a\000t\000i\001\015\000t\001\033\000j\001\141\000\355\000m\000\040\000d\000n\000e\000m}{table.1}% 16
\BOOKMARK [3][-]{figure.caption.7}{\376\377\000Z\000j\000i\001\141\000t\001\033\000n\000\355\000\040\0002\000\040\000\050\000B\000Q\0002\000\051\000:\000\040\000S\000t\001\131\000e\000d\000n\000\355\000\040\000l\000e\000t\000y\000\040\000t\000r\000p\000\355\000\040\000v\000y\001\141\001\141\000\355\000\040\000m\000\355\000r\000o\000u\000\040\000z\000p\000o\001\176\000d\001\033\000n\000\355}{table.1}% 17
\BOOKMARK [3][-]{figure.caption.9}{\376\377\000Z\000j\000i\001\141\000t\001\033\000n\000\355\000\040\0003\000\040\000\050\000B\000Q\0003\000\051\000:\000\040\000R\000o\000z\000d\000\355\000l\000n\000\341\000\040\000s\000c\000h\000o\000p\000n\000o\000s\000t\000\040\000k\000o\000m\000p\000e\000n\000z\000a\000c\000e}{table.1}% 18
\BOOKMARK [3][-]{figure.caption.10}{\376\377\000Z\000j\000i\001\141\000t\001\033\000n\000\355\000\040\0004\000\040\000\050\000B\000Q\0004\000\051\000:\000\040\000S\000k\000r\000y\000t\000\341\000\040\000n\000e\000s\000t\000a\000b\000i\000l\000i\000t\000a\000\040\000v\000\375\000k\000o\000n\000u\000\040\000v\000\040\001\015\000a\000s\000e}{table.1}% 19
\BOOKMARK [2][-]{figure.caption.11}{\376\377\000K\000o\000n\000k\000r\000\351\000t\000n\000\355\000\040\000d\000o\000p\000o\000r\000u\001\015\000e\000n\000\355}{table.1}% 20
\BOOKMARK [2][-]{figure.caption.11}{\376\377\000L\000i\000m\000i\000t\000y\000\040\000a\000n\000a\000l\000\375\000z\000y}{table.1}% 21
\BOOKMARK [1][-]{figure.caption.11}{\376\377\0006\000\040\000Z\000\341\000v\001\033\000r}{}% 22
